[?7h[40m[2J[31C[0;1;30mммммммммммммммм
[17Cммммммлллллллллллллллллллллллллллллллллмммммм
[12CммлллВВВВВВВВВВВВВВВВВВВВВВВВВВВВВВВВВВВВВВВВВл[41mпп[40mллллмм
[11CлВ[41mпп[40mВВБББББББББББББББББББББББББББББББББББББББББ[0;31mо[1;41mАА[0;31mн[1;30mВВВВВл
[11Cл[0;31mо[1;41mАА[0;31mн[1;30mАААААААА[0;31mмммм[1;30mААААА[0;31mмммм[1;30mААААА[0;31mмммм[1;30mААААА[0;31mмммм[1;30mААА[0;31mл[1;41mББ[0;31mн[1;30mБББББл
[11Cл[0;31mо[1;41mББ[0;31mн[7C[41m [1;40mлллл[41mм[0;31mм  [41m [1;40mлллл[41mм[0;31mм  [41m [1;40mлллл[41mм[0;31mм  [41m [1;40mлллл[41mм[0;31mм о[1;41mВВ[40mл[41mммм[0;31mм[1;30mАл
[11Cл[0;31mо[1;41mВВ[0;31mн[6Cо[1mл[41mп[0;31mпп[1;41mп[40mлл[0;31mно[1mл[41mп[0;31mпп[1;41mп[40mлл[0;31mно[1mл[41mп[0;31mпп[1;41mп[40mлл[0;31mно[1mл[41mп[0;31mпп[1;41mп[40mлл[0;31mно[1mл[41mп[0;31mпп[1;41mп[40mлл[0;31mн[1;30mл
[11Cл[0;31mо[1mлл[41m [3C[0;31mмм о[1mл[0;31mл  л[1;41mВВ[0;31mно[1mл[0;31mл  л[1;41mВВ[0;31mно[1mл[0;31mл  л[1;41mВВ[0;31mно[1mл[0;31mл[1;41mппппп[0;31mно[1mл[0;31mл  л[1;41mВВ[0;31mн[1;30mл
[11Cл [0;31mл[1mлл[0;31mлмл[1;41mБА[0;31mно[1mлл[41mмБВ[40mл[0;31mл о[1mлл[41mмБВ[40mл[0;31mл о[1mлл[41mмБВ[40mл[0;31mл о[1mлл[41mмБВ[40mл[0;31mлмо[1mлл[41mмБВ[40mл[0;31mл [1;30mл
[11Cлм [0;31mл[1mлл[41mВБА[0;31mл  пл[1mлллл[0;31mнм пл[1mлллл[0;31mнм пл[1mлллл[0;31mн  пл[1mлллл[41mлл[0;31mнпл[1mлллл[0;31mн [1;30mл
[12Cл  [0;31mппппп[5Cппппо[1mл[0;31mлм пл[1mл[0;31mло[1mл[0;31mлм пл[1mл[0;31mл[5Cпппппп   пппп [1;30mл
[13Cппппппппппппппл [0;31mо[1mллл[0;31mлл[1;41mВБ[0;31mно[1mллл[0;31mлл[1;41mВБ[0;31mн [1;30mлппппппппппппппппп
[13C[34mў[36mњ[37mO[36mњ[34mў[36mњ[37mU[36mњ[34mў[36mњ[37mT[36mњ[34mў [30mпм [0;31mпл[1mл[41mВБА[0;31mл  пл[1mл[41mВБА[0;31mл [1;30mл[5C[34mў[36mњ[37mO[36mњ[34mў[36mњ[37mF[36mњ[34mў  [30m[mJ]
[10Cммммммммммммммммммлмм [0;31mпппп [1;30mмммм [0;31mппп [1;30mмлммммммммммммммммммммм
[10Cо[0;31mўњtњўњHњўњEњў   ўњtњўњEњўњMњўњPњўњLњўњEњў   ўњbњўњBњўњSњў[1;30mн
[10Cппппппппппппппппппппппппппппппппппппппппппппппппппппппппппп[0m
