[?7h[40m[2J[8C[0;1;31mш   ш шъъъъ[8Cшъъъъ шэ эш шъъъэ ш[5Cшъъъъ[10Cшъъъэ эъъъэ
[5Cш  ╡   ╡ ╡[9Cш  ╡[5C╡ ъ ╡ ╡   ш ╡[5C╡[8Cш[5C╡   ╡ ╡
    ъ╠ъ ╠ ъ ╠ ╠ ъъ[5Cъ╠ъ ╠ ъъ  ╠   ╠ ╠ ъъ  ╠[5C╠ ъъ[5C╠эъъэ ╠  ъэ  ъъъэ
[5C╟  ╟   ╟ ╟[9C╟  ╟[5C╟   ╟ ╟[5C╟[5C╟[8C╟э  ╟ ╟   ╟ э   ╟
[5C[0;31mъ  ъ   ъ ъъъъъ[5Cъ  ъъъъъ ъ   ъ ъ[5Cъъъъъ ъъъъъ    ъ ъъ  ъъъъ   ъъъ
[13C[37mMULTI-NET-SERVER AUGSBURG - ONLINE: 2.00 - 5.30 - MAILONLY


[7C[31mздд[ [37mRegular Nets [31m]дддддддддддддддддддддддддддддддддддддддддддддд©
[7CЁ[1mTelefonNet......49:821/416484[6CFidoNet............2:2480/330[0;31mЁ
[7Cюдддддддддддддддддддддддддддддддддддддддддддддддддддддддддддддддды

[7Cздд[ [37mFido Clone Nets [31m]ддддддддддддддддддддддддддддддддддддддддддд©
[7CЁ[1mXcessNet.........213:315/8630[6CNightNet......1000:10499/3033[0;31mЁ
[7Cюдддддддддддддддддддддддддддддддддддддддддддддддддддддддддддддддды

[7Cздд[ [37mNets with single Topics [31m]ддддддддддддддддддддддддддддддддддд©
[7CЁ[1mKingsNet.........900:4990/115[6CSysopnet.........129:1492/130[0;31mЁ
[7CЁ[1mSF-net............142:106/830[6CRavenet...........303:498/330[0;31mЁ
[7CЁ[1mGernet.............21:496/330[6CMedNet...........80:4091/9177[0;31mЁ
[7CЁ[1mMediaNet..........24:2510/220[6CPressNet.........193:2490/120[0;31mЁ
[7Cюдддддддддддддддддддддддддддддддддддддддддддддддддддддддддддддддды

[7Cздд[ [37mSpecial Nets [31m]дддддддддддддддддддддддддддддддддддддддддддддд©
[7CЁ[1m999er-MBG............999:2/56[6CBavariaNet.........95:106/113[0;31mЁ
[7Cюдддддддддддддддддддддддддддддддддддддддддддддддддддддддддддддддды

[7Cздд[ [37mChat Nets [31m]ддддддддддддддддддддддддддддддддддддддддддддддддд©
[7CЁ[1mUP-Net............??:498/soon[6CTacoNet............31:4990/22[0;31mЁ
[7CЁ[1mPseudoNet...........33:104/20[6CFFNet..............60:666/330[0;31mЁ
[7CЁ[1mPhantasy Net.....202:498/3030[6CBierNet............44:510/230[0;31mЁ
[7Cюдддддддддддддддддддддддддддддддддддддддддддддддддддддддддддддддды

[7Cздд[ [37mDemo Nets [31m]ддддддддддддддддддддддддддддддддддддддддддддддддд©
[7CЁ[1mAquaNet...........139:5050/41[6CScene-Net..........99:200/530[0;31mЁ
[7Cюдддддддддддддддддддддддддддддддддддддддддддддддддддддддддддддддды

[9Cзддд©зддд©зддд© зддд©зддд©зддд©зддд©зддд©зддд© зддд©зддд©зддд©
[9CЁ [1mt [0;31mЁЁ [1mH [0;31mЁЁ [1mE [0;31mЁ Ё [1mt [0;31mЁЁ [1mE [0;31mЁЁ [1mM [0;31mЁЁ [1mP [0;31mЁЁ [1mL [0;31mЁЁ [1mE [0;31mЁ Ё [1mb [0;31mЁЁ [1mB [0;31mЁЁ [1mS [0;31mЁ
[9Cюдддыюдддыюддды юдддыюдддыюдддыюдддыюдддыюддды юдддыюдддыюддды
[7C[37mTHE DEMOBOARD IN AUGSBURG - FREQ FILES - FREE POINTS AND DOWNLINKS








[0m[255D