[?7h[40m[2J[13C[0;1;31mЬЬЬю
[8CюЫЫЫЫЫЯ[34CъЯЫЫЫ[6CІЫЫ
    ЫЫЫЫЫЫЫІ    ЫЫЫю[11CюЯЫЫ  юЬ[7CЫЫЫІ   ЫЫ[5CЫЫЫ[6CЫЫЫю
   ЫЫ   ЫЫЫ[5CЫЫЫ ЫЫЫъ    ЫЫЫЬ  ЫЫЫ ъЫЫЫ    ЫЫЫ    ъЫЫ   ЫЫЫ[7CЫЫІ ЫЫЫъ
[7CЫЫЫ[5CІЫЫ  ъЯЫЫ    ЫЫІ   ЫЫЫ   ЫЫЫ  ЫЫЫ[6CЫЫ   ЫЫЫ[6CЫЫЫ  ъЯЫЫ
 [0;31mtHE   [1mЫЫЫ[5CЫЫЫ[9CЫЫЫ   ЫЫЫ    ЫЫЫ  ЫЫЫ[6CЫЫ  ЫЫЫ[7CЫЫЫ
[6CЫЫЫъ    ЫЫЫ[10CЫЫЫ   ЫЫІ   ЫЫЫ  ЫЫЫ[5CЫЫЫ   ЫЫЫ[6CЫЫЫ
[6CЫЫЫ[5CЫЫІЫЬЬю[5CЫЫЫъ  юЯ[5CЫЫЫ  ЫЫЫ ЯюЫЫЫ    ЫЫЫ[7CЫЫЫЫЬЬю
[5CЫЫЫъ    ЫЫЫ  ЯЫъ[5CЫЫЫ[9CЫЫЫ  ЫЫЫ[10CъЫЫІ[6CЫЫЫ  ЯЫъ [0;31mbBS
[5C[1mЫЫЫ[5CЫЫЫ[9CЫЫЫ[9CЫЫЫъ  ЫЫЫ[10CЫЫЫ[5Cъ ЫЫЫ
 Ы  ЫЫІъ[7CЫЫЫ  юЫ   ЫЫЫ[9CЫЫЫ   ЫЫІ[11CЫЫЫ  юЫ   ІЫЫЫ  юЫ
 юЫЫЫЫъ[10CЫЫЫЯ   ъЫю[9CЫю[5CЫю[13CІЫЫЫЯ[7CЫЫЫЯ[0;31m[mJ]

[6C[1;30mп^`  п^` oў“•ooў“•ooў“•ooў“•ooў“•ooў“•ooў“•ooў“•ooў“•ooў“•o п^`  п^`

[21C[0;31m§ш§  [1mt H E   t E M P L E   b B S  [0;31m§ш§

   §ш§line1§ш§+49ч821ч2191ч038§ш§v34+§шшш§line2§ш§+49ч821ч2191ч036§ш§isdn§ш§

[12C§ш§stonedчbrainчrecordsчmemberboard§ш§szenenetч2ndчhq§ш§
[6C§ш§net-serverчhostчbayern§ш§scenenet§ш§comanet§ш§oanet§ш§8bitnet§ш§
[15C§ш§expressionчdistsite§ш§aironlineчsupportsite§ш§
[31C§ш§freqчnetinfo§ш§

[6C[1;30mп^`  п^` uЈ–—uuЈ–—uuЈ–—uuЈ–—uuЈ–—uuЈ–—uuЈ–—uuЈ–—uuЈ–—uuЈ–—u п^`  п^`[0m
